// Jest Snapshot v1, https://goo.gl/fbAQLP

exports[`component should render 1`] = `
LoadedCheerio {
  "0": Node {
    "attribs": Object {},
    "children": Array [
      Node {
        "attribs": Object {
          "class": "navbar",
        },
        "children": Array [
          Node {
            "attribs": Object {},
            "children": Array [
              Node {
                "attribs": Object {},
                "children": Array [
                  Node {
                    "attribs": Object {
                      "aria-current": "page",
                      "class": "navbar__link navbar__link--active",
                      "href": "/",
                    },
                    "children": Array [
                      Node {
                        "data": "Home",
                        "next": null,
                        "parent": [Circular],
                        "prev": null,
                        "type": "text",
                      },
                    ],
                    "name": "a",
                    "namespace": "http://www.w3.org/1999/xhtml",
                    "next": null,
                    "parent": [Circular],
                    "prev": null,
                    "type": "tag",
                    "x-attribsNamespace": Object {
                      "aria-current": undefined,
                      "class": undefined,
                      "href": undefined,
                    },
                    "x-attribsPrefix": Object {
                      "aria-current": undefined,
                      "class": undefined,
                      "href": undefined,
                    },
                  },
                ],
                "name": "li",
                "namespace": "http://www.w3.org/1999/xhtml",
                "next": Node {
                  "attribs": Object {},
                  "children": Array [
                    Node {
                      "attribs": Object {
                        "class": "navbar__link",
                        "href": "/about",
                      },
                      "children": Array [
                        Node {
                          "data": "About",
                          "next": null,
                          "parent": [Circular],
                          "prev": null,
                          "type": "text",
                        },
                      ],
                      "name": "a",
                      "namespace": "http://www.w3.org/1999/xhtml",
                      "next": null,
                      "parent": [Circular],
                      "prev": null,
                      "type": "tag",
                      "x-attribsNamespace": Object {
                        "class": undefined,
                        "href": undefined,
                      },
                      "x-attribsPrefix": Object {
                        "class": undefined,
                        "href": undefined,
                      },
                    },
                  ],
                  "name": "li",
                  "namespace": "http://www.w3.org/1999/xhtml",
                  "next": null,
                  "parent": [Circular],
                  "prev": [Circular],
                  "type": "tag",
                  "x-attribsNamespace": Object {},
                  "x-attribsPrefix": Object {},
                },
                "parent": [Circular],
                "prev": null,
                "type": "tag",
                "x-attribsNamespace": Object {},
                "x-attribsPrefix": Object {},
              },
              Node {
                "attribs": Object {},
                "children": Array [
                  Node {
                    "attribs": Object {
                      "class": "navbar__link",
                      "href": "/about",
                    },
                    "children": Array [
                      Node {
                        "data": "About",
                        "next": null,
                        "parent": [Circular],
                        "prev": null,
                        "type": "text",
                      },
                    ],
                    "name": "a",
                    "namespace": "http://www.w3.org/1999/xhtml",
                    "next": null,
                    "parent": [Circular],
                    "prev": null,
                    "type": "tag",
                    "x-attribsNamespace": Object {
                      "class": undefined,
                      "href": undefined,
                    },
                    "x-attribsPrefix": Object {
                      "class": undefined,
                      "href": undefined,
                    },
                  },
                ],
                "name": "li",
                "namespace": "http://www.w3.org/1999/xhtml",
                "next": null,
                "parent": [Circular],
                "prev": Node {
                  "attribs": Object {},
                  "children": Array [
                    Node {
                      "attribs": Object {
                        "aria-current": "page",
                        "class": "navbar__link navbar__link--active",
                        "href": "/",
                      },
                      "children": Array [
                        Node {
                          "data": "Home",
                          "next": null,
                          "parent": [Circular],
                          "prev": null,
                          "type": "text",
                        },
                      ],
                      "name": "a",
                      "namespace": "http://www.w3.org/1999/xhtml",
                      "next": null,
                      "parent": [Circular],
                      "prev": null,
                      "type": "tag",
                      "x-attribsNamespace": Object {
                        "aria-current": undefined,
                        "class": undefined,
                        "href": undefined,
                      },
                      "x-attribsPrefix": Object {
                        "aria-current": undefined,
                        "class": undefined,
                        "href": undefined,
                      },
                    },
                  ],
                  "name": "li",
                  "namespace": "http://www.w3.org/1999/xhtml",
                  "next": [Circular],
                  "parent": [Circular],
                  "prev": null,
                  "type": "tag",
                  "x-attribsNamespace": Object {},
                  "x-attribsPrefix": Object {},
                },
                "type": "tag",
                "x-attribsNamespace": Object {},
                "x-attribsPrefix": Object {},
              },
            ],
            "name": "ul",
            "namespace": "http://www.w3.org/1999/xhtml",
            "next": null,
            "parent": [Circular],
            "prev": null,
            "type": "tag",
            "x-attribsNamespace": Object {},
            "x-attribsPrefix": Object {},
          },
        ],
        "name": "nav",
        "namespace": "http://www.w3.org/1999/xhtml",
        "next": null,
        "parent": [Circular],
        "prev": null,
        "type": "tag",
        "x-attribsNamespace": Object {
          "class": undefined,
        },
        "x-attribsPrefix": Object {
          "class": undefined,
        },
      },
    ],
    "name": "div",
    "namespace": "http://www.w3.org/1999/xhtml",
    "next": null,
    "parent": Node {
      "children": Array [
        [Circular],
      ],
      "name": "root",
      "next": null,
      "parent": null,
      "prev": null,
      "type": "root",
    },
    "prev": null,
    "type": "tag",
    "x-attribsNamespace": Object {},
    "x-attribsPrefix": Object {},
  },
  "_root": LoadedCheerio {
    "0": Node {
      "children": Array [
        Node {
          "attribs": Object {},
          "children": Array [
            Node {
              "attribs": Object {},
              "children": Array [],
              "name": "head",
              "namespace": "http://www.w3.org/1999/xhtml",
              "next": Node {
                "attribs": Object {},
                "children": Array [],
                "name": "body",
                "namespace": "http://www.w3.org/1999/xhtml",
                "next": null,
                "parent": [Circular],
                "prev": [Circular],
                "type": "tag",
                "x-attribsNamespace": Object {},
                "x-attribsPrefix": Object {},
              },
              "parent": [Circular],
              "prev": null,
              "type": "tag",
              "x-attribsNamespace": Object {},
              "x-attribsPrefix": Object {},
            },
            Node {
              "attribs": Object {},
              "children": Array [],
              "name": "body",
              "namespace": "http://www.w3.org/1999/xhtml",
              "next": null,
              "parent": [Circular],
              "prev": Node {
                "attribs": Object {},
                "children": Array [],
                "name": "head",
                "namespace": "http://www.w3.org/1999/xhtml",
                "next": [Circular],
                "parent": [Circular],
                "prev": null,
                "type": "tag",
                "x-attribsNamespace": Object {},
                "x-attribsPrefix": Object {},
              },
              "type": "tag",
              "x-attribsNamespace": Object {},
              "x-attribsPrefix": Object {},
            },
          ],
          "name": "html",
          "namespace": "http://www.w3.org/1999/xhtml",
          "next": null,
          "parent": [Circular],
          "prev": null,
          "type": "tag",
          "x-attribsNamespace": Object {},
          "x-attribsPrefix": Object {},
        },
      ],
      "name": "root",
      "next": null,
      "parent": null,
      "prev": null,
      "type": "root",
      "x-mode": "quirks",
    },
    "_root": [Circular],
    "length": 1,
    "options": Object {
      "decodeEntities": true,
      "xml": false,
    },
  },
  "length": 1,
  "options": Object {
    "decodeEntities": true,
    "xml": false,
  },
}
`;
